<html>
<body>
<pre>
<h1>µVision Build Log</h1>
<h2>Tool Versions:</h2>
IDE-Version: µVision V5.38.0.0
Copyright (C) 2022 ARM Ltd and ARM Germany GmbH. All rights reserved.
License Information: Massimo Francios, Politecnico di Torino, LIC=----
 
Tool Versions:
Toolchain:       MDK-Lite  Version: 5.38.0.0
Toolchain Path:  C:\Keil_v5\ARM\Comp v5\Bin
C Compiler:      Armcc.exe V5.06 update 7 (build 960)
Assembler:       Armasm.exe V5.06 update 7 (build 960)
Linker/Locator:  ArmLink.exe V5.06 update 7 (build 960)
Library Manager: ArmAr.exe V5.06 update 7 (build 960)
Hex Converter:   FromElf.exe V5.06 update 7 (build 960)
CPU DLL:         SARMCM3.DLL V5.38.0.0
Dialog DLL:      DARMP1.DLL V1.28.1.0
Target DLL:      UL2CM3.DLL V1.164.8.0
Dialog DLL:      TARMP1.DLL V1.27.1.0
 
<h2>Project:</h2>
C:\Users\maxfr\Desktop\extrapoints1_emulator\sample.uvprojx
Project File Date:  01/06/2024

<h2>Output:</h2>
*** Using Compiler 'V5.06 update 7 (build 960)', folder: 'C:\Keil_v5\ARM\Comp v5\Bin'
Rebuild target 'Target 1'
assembling startup_LPC17xx.s...
compiling AsciiLib.c...
compiling lib_timer.c...
compiling system_LPC17xx.c...
compiling sample.c...
compiling IRQ_timer.c...
timer\IRQ_timer.c(36): warning:  #167-D: argument of type "volatile char *" is incompatible with parameter of type "uint8_t *"
  	GUI_Text(135, 300, &first_char, White, Black);
timer\IRQ_timer.c: 1 warning, 0 errors
compiling core_cm3.c...
compiling lib_joystick.c...
joystick\lib_joystick.c(38): warning:  #1-D: last line of file ends without a newline
  }
joystick\lib_joystick.c: 1 warning, 0 errors
compiling TouchPanel.c...
compiling funct_joystick.c...
compiling HzLib.c...
compiling funct_led.c...
compiling lib_led.c...
compiling IRQ_RIT.c...
RIT\IRQ_RIT.c(43): warning:  #177-D: variable "position"  was declared but never referenced
  	static int position = 0;
RIT\IRQ_RIT.c: 1 warning, 0 errors
compiling lib_button.c...
compiling IRQ_button.c...
compiling lib_RIT.c...
compiling game.c...
game.c(74): warning:  #167-D: argument of type "volatile char *" is incompatible with parameter of type "char *restrict"
  	sprintf(string, "Player A has %d walls left", a_remaining_walls);
game.c(76): warning:  #167-D: argument of type "volatile char *" is incompatible with parameter of type "char *restrict"
  	sprintf(string, "Player B has %d walls left", b_remaining_walls);
game.c(82): warning:  #68-D: integer conversion resulted in a change of sign
  	NVIC_SetPriority(TIMER0_IRQn, -3);
game.c(132): warning:  #167-D: argument of type "volatile char *" is incompatible with parameter of type "char *restrict"
  	sprintf(string, "Player A has %d walls left", a_remaining_walls);
game.c(134): warning:  #167-D: argument of type "volatile char *" is incompatible with parameter of type "char *restrict"
  	sprintf(string, "Player B has %d walls left", b_remaining_walls);
game.c(516): warning:  #1-D: last line of file ends without a newline
  }
game.c: 6 warnings, 0 errors
compiling GLCD.c...
linking...
Program Size: Code=26426 RO-data=1774 RW-data=132 ZI-data=2156  
".\sample.axf" - 0 Error(s), 9 Warning(s).

<h2>Software Packages used:</h2>

Package Vendor: ARM
                http://www.keil.com/pack/ARM.CMSIS.5.9.0.pack
                ARM.CMSIS.5.9.0
                CMSIS (Common Microcontroller Software Interface Standard)
   * Component: CORE Version: 5.6.0

Package Vendor: Keil
                http://www.keil.com/pack/Keil.LPC1700_DFP.2.7.1.pack
                Keil.LPC1700_DFP.2.7.1
                NXP LPC1700 Series Device Support, Drivers and Examples for MCB1700 and LPC1788-32

<h2>Collection of Component include folders:</h2>
  ./RTE/_Target_1
  C:/Users/maxfr/AppData/Local/Arm/Packs/ARM/CMSIS/5.9.0/CMSIS/Core/Include
  C:/Users/maxfr/AppData/Local/Arm/Packs/Keil/LPC1700_DFP/2.7.1/Device/Include

<h2>Collection of Component Files used:</h2>

   * Component: ARM::CMSIS:CORE:5.6.0
Build Time Elapsed:  00:00:02
</pre>
</body>
</html>
